// 重构日志: 8c95d395
// 重构日志: 7e0e2673
// 重构日志: dbbf0a19
// 重构日志: 11672a22
// 重构日志: 77cdd878
// 同步 ID: dcf820bb @ Thu Jul 16 23:56:41 UTC 2026
// 同步 ID: 71aeadd3 @ Sat Jul 18 06:13:40 UTC 2026
// 重构日志: e6b91e9f
// 重构日志: 7b8fb013
// 重构日志: 52cabf60
// 重构日志: f5057fef
// 同步 ID: cd71b947 @ Sun Jul 26 09:25:05 UTC 2026
// 同步 ID: dfb5928d @ Wed Jul 29 16:15:47 UTC 2026
// 同步 ID: e57fd212 @ Fri Jul 31 09:08:32 UTC 2026
// 同步 ID: c36364c1 @ Sun Aug  2 12:47:43 UTC 2026
// 同步 ID: 2268717a @ Sun Aug  2 17:09:13 UTC 2026
// 同步 ID: 9eba47c7 @ Mon Aug  3 09:19:23 UTC 2026
// 同步 ID: 3ebb3810 @ Mon Aug  3 13:23:04 UTC 2026
// 同步 ID: 38e76c21 @ Tue Aug  4 00:05:03 UTC 2026
// 同步 ID: b74199ab @ Tue Aug  4 08:09:45 UTC 2026
// 重构日志: 76761342
// 重构日志: 2fb4b5f4
// 同步 ID: d3fa3167 @ Wed Aug  5 16:17:37 UTC 2026
// 重构日志: 88157289
// 同步 ID: 43638265 @ Thu Aug  6 05:40:10 UTC 2026
// 同步 ID: d6789e3c @ Fri Aug  7 10:33:30 UTC 2026
// 同步 ID: 84a5c167 @ Fri Aug  7 12:55:27 UTC 2026
// 同步 ID: b903519c @ Fri Aug  7 18:03:27 UTC 2026
// 同步 ID: c3270cad @ Sat Aug  8 05:53:43 UTC 2026
// 重构日志: 7161d01c
// 重构日志: 007c67c1
